[
  {
    "Position": 1,
    "CharaData": {
      "CharaId": "GalaZena",
      "Exp": 8866950,
      "Level": 100,
      "AdditionalMaxLevel": 20,
      "Hp": 923,
      "Attack": 586,
      "ExAbilityLevel": 5,
      "ExAbility2Level": 5,
      "Ability1Level": 3,
      "Ability2Level": 3,
      "Ability3Level": 3,
      "IsNew": true,
      "Skill1Level": 4,
      "Skill2Level": 3,
      "BurstAttackLevel": 2,
      "Rarity": 5,
      "LimitBreakCount": 5,
      "HpPlusCount": 100,
      "AttackPlusCount": 100,
      "StatusPlusCount": 0,
      "ComboBuildupCount": 1,
      "IsUnlockEditSkill": true,
      "GetTime": "2020-09-30T06:09:26+00:00",
      "ManaCirclePieceIdList": [
        1,
        2,
        3,
        4,
        5,
        6,
        7,
        8,
        9,
        10,
        11,
        12,
        13,
        14,
        15,
        16,
        17,
        18,
        19,
        20,
        21,
        22,
        23,
        24,
        25,
        26,
        27,
        28,
        29,
        30,
        31,
        32,
        33,
        34,
        35,
        36,
        37,
        38,
        39,
        40,
        41,
        42,
        43,
        44,
        45,
        46,
        47,
        48,
        49,
        50,
        51,
        52,
        53,
        54,
        55,
        56,
        57,
        58,
        59,
        60,
        61,
        62,
        63,
        64,
        65,
        66,
        67,
        68,
        69,
        70
      ],
      "IsTemporary": false,
      "ListViewFlag": 1
    },
    "DragonData": {
      "DragonId": "JeannedArc",
      "DragonKeyId": 1068,
      "Level": 120,
      "Exp": 3365620,
      "IsLock": true,
      "IsNew": true,
      "Skill1Level": 2,
      "Ability1Level": 6,
      "Ability2Level": 6,
      "LimitBreakCount": 5,
      "HpPlusCount": 50,
      "AttackPlusCount": 50,
      "StatusPlusCount": 0,
      "GetTime": "2019-10-13T08:40:10+00:00"
    },
    "WeaponSkinData": {
      "WeaponSkinId": 0
    },
    "WeaponBodyData": {
      "WeaponBodyId": "DelFrith",
      "BuildupCount": 80,
      "LimitBreakCount": 8,
      "LimitOverCount": 1,
      "SkillNo": 1,
      "SkillLevel": 2,
      "Ability1Level": 2,
      "Ability2Level": 2,
      "EquipableCount": 1,
      "AdditionalCrestSlotType1Count": 1,
      "AdditionalCrestSlotType2Count": 0,
      "AdditionalCrestSlotType3Count": 2,
      "AdditionalEffectCount": 0
    },
    "CrestSlotType1CrestList": [
      {
        "AbilityCrestId": "ExtremeTeamwork",
        "BuildupCount": 50,
        "LimitBreakCount": 4,
        "EquipableCount": 4,
        "Ability1Level": 3,
        "Ability2Level": 3,
        "HpPlusCount": 50,
        "AttackPlusCount": 50
      },
      {
        "AbilityCrestId": "PrimalCrisis",
        "BuildupCount": 50,
        "LimitBreakCount": 4,
        "EquipableCount": 4,
        "Ability1Level": 3,
        "Ability2Level": 3,
        "HpPlusCount": 50,
        "AttackPlusCount": 50
      },
      {
        "AbilityCrestId": "SpiritoftheSeason",
        "BuildupCount": 50,
        "LimitBreakCount": 4,
        "EquipableCount": 4,
        "Ability1Level": 3,
        "Ability2Level": 3,
        "HpPlusCount": 50,
        "AttackPlusCount": 50
      }
    ],
    "CrestSlotType2CrestList": [
      {
        "AbilityCrestId": "FromWhenceHeComes",
        "BuildupCount": 40,
        "LimitBreakCount": 4,
        "EquipableCount": 2,
        "Ability1Level": 3,
        "Ability2Level": 3,
        "HpPlusCount": 50,
        "AttackPlusCount": 50
      },
      {
        "AbilityCrestId": "TheWarrioresses",
        "BuildupCount": 40,
        "LimitBreakCount": 4,
        "EquipableCount": 1,
        "Ability1Level": 3,
        "Ability2Level": 3,
        "HpPlusCount": 50,
        "AttackPlusCount": 50
      }
    ],
    "CrestSlotType3CrestList": [
      {
        "AbilityCrestId": "CrownofLightSerpentsBoon",
        "BuildupCount": 30,
        "LimitBreakCount": 4,
        "EquipableCount": 3,
        "Ability1Level": 3,
        "Ability2Level": 3,
        "HpPlusCount": 40,
        "AttackPlusCount": 40
      },
      {
        "AbilityCrestId": "AKnightsDreamAxesBoon",
        "BuildupCount": 30,
        "LimitBreakCount": 4,
        "EquipableCount": 4,
        "Ability1Level": 3,
        "Ability2Level": 3,
        "HpPlusCount": 40,
        "AttackPlusCount": 40
      }
    ],
    "TalismanData": {
      "TalismanKeyId": 1866,
      "TalismanId": "GalaLuca",
      "TalismanAbilityId1": 340000069,
      "TalismanAbilityId2": 340000108,
      "TalismanAbilityId3": 0,
      "AdditionalHp": 0,
      "AdditionalAttack": 0,
      "IsNew": true,
      "IsLock": true,
      "GetTime": "2021-12-30T10:10:51+00:00"
    },
    "EditSkill1CharaData": {
      "CharaId": "ShaWujing",
      "EditSkillLevel": 2
    },
    "EditSkill2CharaData": {
      "CharaId": "GalaMym",
      "EditSkillLevel": 4
    },
    "GameWeaponPassiveAbilityList": [],
    "DragonReliabilityLevel": 30
  },
  {
    "Position": 2,
    "CharaData": {
      "CharaId": "Mitsuhide",
      "Exp": 1191950,
      "Level": 80,
      "AdditionalMaxLevel": 0,
      "Hp": 763,
      "Attack": 497,
      "ExAbilityLevel": 5,
      "ExAbility2Level": 5,
      "Ability1Level": 2,
      "Ability2Level": 2,
      "Ability3Level": 2,
      "IsNew": true,
      "Skill1Level": 3,
      "Skill2Level": 2,
      "BurstAttackLevel": 2,
      "Rarity": 5,
      "LimitBreakCount": 4,
      "HpPlusCount": 100,
      "AttackPlusCount": 100,
      "StatusPlusCount": 0,
      "ComboBuildupCount": 0,
      "IsUnlockEditSkill": true,
      "GetTime": "2020-01-13T08:00:24+00:00",
      "ManaCirclePieceIdList": [
        1,
        2,
        3,
        4,
        5,
        6,
        7,
        8,
        9,
        10,
        11,
        12,
        13,
        14,
        15,
        16,
        17,
        18,
        19,
        20,
        21,
        22,
        23,
        24,
        25,
        26,
        27,
        28,
        29,
        30,
        31,
        32,
        33,
        34,
        35,
        36,
        37,
        38,
        39,
        40,
        41,
        42,
        43,
        44,
        45,
        46,
        47,
        48,
        49,
        50
      ],
      "IsTemporary": false,
      "ListViewFlag": 1
    },
    "DragonData": {
      "DragonId": "GalaRebornJeanne",
      "DragonKeyId": 1134,
      "Level": 100,
      "Exp": 1240020,
      "IsLock": true,
      "IsNew": true,
      "Skill1Level": 2,
      "Ability1Level": 5,
      "Ability2Level": 5,
      "LimitBreakCount": 4,
      "HpPlusCount": 50,
      "AttackPlusCount": 50,
      "StatusPlusCount": 0,
      "GetTime": "2021-09-29T07:23:05+00:00"
    },
    "WeaponSkinData": {
      "WeaponSkinId": 0
    },
    "WeaponBodyData": {
      "WeaponBodyId": "ClaiomhSolais",
      "BuildupCount": 80,
      "LimitBreakCount": 8,
      "LimitOverCount": 1,
      "SkillNo": 1,
      "SkillLevel": 2,
      "Ability1Level": 2,
      "Ability2Level": 2,
      "EquipableCount": 1,
      "AdditionalCrestSlotType1Count": 1,
      "AdditionalCrestSlotType2Count": 0,
      "AdditionalCrestSlotType3Count": 2,
      "AdditionalEffectCount": 0
    },
    "CrestSlotType1CrestList": [
      {
        "AbilityCrestId": "ExtremeTeamwork",
        "BuildupCount": 50,
        "LimitBreakCount": 4,
        "EquipableCount": 4,
        "Ability1Level": 3,
        "Ability2Level": 3,
        "HpPlusCount": 50,
        "AttackPlusCount": 50
      },
      {
        "AbilityCrestId": "BlossomsontheWatersEdge",
        "BuildupCount": 50,
        "LimitBreakCount": 4,
        "EquipableCount": 1,
        "Ability1Level": 3,
        "Ability2Level": 3,
        "HpPlusCount": 50,
        "AttackPlusCount": 50
      },
      {
        "AbilityCrestId": "SpiritoftheSeason",
        "BuildupCount": 50,
        "LimitBreakCount": 4,
        "EquipableCount": 4,
        "Ability1Level": 3,
        "Ability2Level": 3,
        "HpPlusCount": 50,
        "AttackPlusCount": 50
      }
    ],
    "CrestSlotType2CrestList": [
      {
        "AbilityCrestId": "SnipersAllure",
        "BuildupCount": 40,
        "LimitBreakCount": 4,
        "EquipableCount": 4,
        "Ability1Level": 3,
        "Ability2Level": 3,
        "HpPlusCount": 50,
        "AttackPlusCount": 50
      },
      {
        "AbilityCrestId": "APassionforProduce",
        "BuildupCount": 40,
        "LimitBreakCount": 4,
        "EquipableCount": 2,
        "Ability1Level": 3,
        "Ability2Level": 3,
        "HpPlusCount": 50,
        "AttackPlusCount": 50
      }
    ],
    "CrestSlotType3CrestList": [
      {
        "AbilityCrestId": "AKnightsDreamAxesBoon",
        "BuildupCount": 30,
        "LimitBreakCount": 4,
        "EquipableCount": 4,
        "Ability1Level": 3,
        "Ability2Level": 3,
        "HpPlusCount": 40,
        "AttackPlusCount": 40
      },
      {
        "AbilityCrestId": "CrownofLightSerpentsBoon",
        "BuildupCount": 30,
        "LimitBreakCount": 4,
        "EquipableCount": 3,
        "Ability1Level": 3,
        "Ability2Level": 3,
        "HpPlusCount": 40,
        "AttackPlusCount": 40
      }
    ],
    "TalismanData": {
      "TalismanKeyId": 1966,
      "TalismanId": "HalloweenLaxi",
      "TalismanAbilityId1": 340000009,
      "TalismanAbilityId2": 340000076,
      "TalismanAbilityId3": 0,
      "AdditionalHp": 0,
      "AdditionalAttack": 0,
      "IsNew": true,
      "IsLock": true,
      "GetTime": "2022-01-18T18:57:35+00:00"
    },
    "EditSkill1CharaData": {
      "CharaId": "Cleo",
      "EditSkillLevel": 4
    },
    "EditSkill2CharaData": {
      "CharaId": "Ranzal",
      "EditSkillLevel": 4
    },
    "GameWeaponPassiveAbilityList": [
      {
        "WeaponPassiveAbilityId": 1030405
      }
    ],
    "DragonReliabilityLevel": 30
  },
  {
    "Position": 3,
    "CharaData": {
      "CharaId": "BondforgedZethia",
      "Exp": 1191950,
      "Level": 80,
      "AdditionalMaxLevel": 0,
      "Hp": 751,
      "Attack": 510,
      "ExAbilityLevel": 5,
      "ExAbility2Level": 5,
      "Ability1Level": 2,
      "Ability2Level": 2,
      "Ability3Level": 2,
      "IsNew": true,
      "Skill1Level": 3,
      "Skill2Level": 2,
      "BurstAttackLevel": 2,
      "Rarity": 5,
      "LimitBreakCount": 4,
      "HpPlusCount": 100,
      "AttackPlusCount": 100,
      "StatusPlusCount": 0,
      "ComboBuildupCount": 0,
      "IsUnlockEditSkill": false,
      "GetTime": "2022-03-31T13:48:38+00:00",
      "ManaCirclePieceIdList": [
        1,
        2,
        3,
        4,
        5,
        6,
        7,
        8,
        9,
        10,
        11,
        12,
        13,
        14,
        15,
        16,
        17,
        18,
        19,
        20,
        21,
        22,
        23,
        24,
        25,
        26,
        27,
        28,
        29,
        30,
        31,
        32,
        33,
        34,
        35,
        36,
        37,
        38,
        39,
        40,
        41,
        42,
        43,
        44,
        45,
        46,
        47,
        48,
        49,
        50
      ],
      "IsTemporary": false,
      "ListViewFlag": 1
    },
    "DragonData": {
      "DragonId": "GalaThor",
      "DragonKeyId": 1124,
      "Level": 100,
      "Exp": 1240020,
      "IsLock": true,
      "IsNew": true,
      "Skill1Level": 2,
      "Ability1Level": 5,
      "Ability2Level": 5,
      "LimitBreakCount": 4,
      "HpPlusCount": 50,
      "AttackPlusCount": 50,
      "StatusPlusCount": 0,
      "GetTime": "2020-12-28T06:38:44+00:00"
    },
    "WeaponSkinData": {
      "WeaponSkinId": 0
    },
    "WeaponBodyData": {
      "WeaponBodyId": "Brionac",
      "BuildupCount": 80,
      "LimitBreakCount": 8,
      "LimitOverCount": 1,
      "SkillNo": 1,
      "SkillLevel": 2,
      "Ability1Level": 2,
      "Ability2Level": 2,
      "EquipableCount": 1,
      "AdditionalCrestSlotType1Count": 1,
      "AdditionalCrestSlotType2Count": 0,
      "AdditionalCrestSlotType3Count": 2,
      "AdditionalEffectCount": 0
    },
    "CrestSlotType1CrestList": [
      {
        "AbilityCrestId": "ExtremeTeamwork",
        "BuildupCount": 50,
        "LimitBreakCount": 4,
        "EquipableCount": 4,
        "Ability1Level": 3,
        "Ability2Level": 3,
        "HpPlusCount": 50,
        "AttackPlusCount": 50
      },
      {
        "AbilityCrestId": "SpiritoftheSeason",
        "BuildupCount": 50,
        "LimitBreakCount": 4,
        "EquipableCount": 4,
        "Ability1Level": 3,
        "Ability2Level": 3,
        "HpPlusCount": 50,
        "AttackPlusCount": 50
      },
      {
        "AbilityCrestId": "BloodyLittleQueen",
        "BuildupCount": 50,
        "LimitBreakCount": 4,
        "EquipableCount": 1,
        "Ability1Level": 3,
        "Ability2Level": 3,
        "HpPlusCount": 50,
        "AttackPlusCount": 50
      }
    ],
    "CrestSlotType2CrestList": [
      {
        "AbilityCrestId": "ChariotDrift",
        "BuildupCount": 40,
        "LimitBreakCount": 4,
        "EquipableCount": 4,
        "Ability1Level": 3,
        "Ability2Level": 3,
        "HpPlusCount": 50,
        "AttackPlusCount": 50
      },
      {
        "AbilityCrestId": "SnipersAllure",
        "BuildupCount": 40,
        "LimitBreakCount": 4,
        "EquipableCount": 4,
        "Ability1Level": 3,
        "Ability2Level": 3,
        "HpPlusCount": 50,
        "AttackPlusCount": 50
      }
    ],
    "CrestSlotType3CrestList": [
      {
        "AbilityCrestId": "AKnightsDreamAxesBoon",
        "BuildupCount": 30,
        "LimitBreakCount": 4,
        "EquipableCount": 4,
        "Ability1Level": 3,
        "Ability2Level": 3,
        "HpPlusCount": 40,
        "AttackPlusCount": 40
      },
      {
        "AbilityCrestId": "TutelarysDestinyWolfsBoon",
        "BuildupCount": 30,
        "LimitBreakCount": 4,
        "EquipableCount": 4,
        "Ability1Level": 3,
        "Ability2Level": 3,
        "HpPlusCount": 40,
        "AttackPlusCount": 40
      }
    ],
    "TalismanData": {
      "TalismanKeyId": 1906,
      "TalismanId": "Pecorine",
      "TalismanAbilityId1": 340000008,
      "TalismanAbilityId2": 340000058,
      "TalismanAbilityId3": 0,
      "AdditionalHp": 0,
      "AdditionalAttack": 0,
      "IsNew": true,
      "IsLock": true,
      "GetTime": "2022-01-08T20:49:41+00:00"
    },
    "EditSkill1CharaData": {
      "CharaId": "HalloweenLowen",
      "EditSkillLevel": 3
    },
    "EditSkill2CharaData": {
      "CharaId": "Vixel",
      "EditSkillLevel": 4
    },
    "GameWeaponPassiveAbilityList": [],
    "DragonReliabilityLevel": 30
  },
  {
    "Position": 4,
    "CharaData": {
      "CharaId": "GalaLuca",
      "Exp": 3871830,
      "Level": 90,
      "AdditionalMaxLevel": 15,
      "Hp": 825,
      "Attack": 573,
      "ExAbilityLevel": 5,
      "ExAbility2Level": 5,
      "Ability1Level": 3,
      "Ability2Level": 3,
      "Ability3Level": 3,
      "IsNew": true,
      "Skill1Level": 3,
      "Skill2Level": 3,
      "BurstAttackLevel": 2,
      "Rarity": 5,
      "LimitBreakCount": 5,
      "HpPlusCount": 100,
      "AttackPlusCount": 100,
      "StatusPlusCount": 0,
      "ComboBuildupCount": 0,
      "IsUnlockEditSkill": true,
      "GetTime": "2020-01-24T20:32:42+00:00",
      "ManaCirclePieceIdList": [
        1,
        2,
        3,
        4,
        5,
        6,
        7,
        8,
        9,
        10,
        11,
        12,
        13,
        14,
        15,
        16,
        17,
        18,
        19,
        20,
        21,
        22,
        23,
        24,
        25,
        26,
        27,
        28,
        29,
        30,
        31,
        32,
        33,
        34,
        35,
        36,
        37,
        38,
        39,
        40,
        41,
        42,
        43,
        44,
        45,
        46,
        47,
        48,
        49,
        50,
        51,
        52,
        53,
        54,
        55,
        56,
        57,
        58,
        59,
        60,
        61,
        62,
        63
      ],
      "IsTemporary": false,
      "ListViewFlag": 1
    },
    "DragonData": {
      "DragonId": "GalaChronosNyx",
      "DragonKeyId": 1142,
      "Level": 100,
      "Exp": 1240020,
      "IsLock": false,
      "IsNew": true,
      "Skill1Level": 2,
      "Ability1Level": 5,
      "Ability2Level": 5,
      "LimitBreakCount": 4,
      "HpPlusCount": 50,
      "AttackPlusCount": 50,
      "StatusPlusCount": 0,
      "GetTime": "2021-10-30T07:53:26+00:00"
    },
    "WeaponSkinData": {
      "WeaponSkinId": 0
    },
    "WeaponBodyData": {
      "WeaponBodyId": "Fragarach",
      "BuildupCount": 80,
      "LimitBreakCount": 8,
      "LimitOverCount": 1,
      "SkillNo": 1,
      "SkillLevel": 2,
      "Ability1Level": 2,
      "Ability2Level": 2,
      "EquipableCount": 1,
      "AdditionalCrestSlotType1Count": 1,
      "AdditionalCrestSlotType2Count": 0,
      "AdditionalCrestSlotType3Count": 2,
      "AdditionalEffectCount": 0
    },
    "CrestSlotType1CrestList": [
      {
        "AbilityCrestId": "PecorinesGrandAdventure",
        "BuildupCount": 50,
        "LimitBreakCount": 4,
        "EquipableCount": 1,
        "Ability1Level": 3,
        "Ability2Level": 3,
        "HpPlusCount": 50,
        "AttackPlusCount": 50
      },
      {
        "AbilityCrestId": "PrayersUntoHim",
        "BuildupCount": 50,
        "LimitBreakCount": 4,
        "EquipableCount": 1,
        "Ability1Level": 3,
        "Ability2Level": 3,
        "HpPlusCount": 50,
        "AttackPlusCount": 50
      },
      {
        "AbilityCrestId": "SpiritoftheSeason",
        "BuildupCount": 50,
        "LimitBreakCount": 4,
        "EquipableCount": 4,
        "Ability1Level": 3,
        "Ability2Level": 3,
        "HpPlusCount": 50,
        "AttackPlusCount": 50
      }
    ],
    "CrestSlotType2CrestList": [
      {
        "AbilityCrestId": "ChariotDrift",
        "BuildupCount": 40,
        "LimitBreakCount": 4,
        "EquipableCount": 4,
        "Ability1Level": 3,
        "Ability2Level": 3,
        "HpPlusCount": 50,
        "AttackPlusCount": 50
      },
      {
        "AbilityCrestId": "TheNoblesDayOff",
        "BuildupCount": 40,
        "LimitBreakCount": 4,
        "EquipableCount": 4,
        "Ability1Level": 3,
        "Ability2Level": 3,
        "HpPlusCount": 50,
        "AttackPlusCount": 50
      }
    ],
    "CrestSlotType3CrestList": [
      {
        "AbilityCrestId": "CrownofLightSerpentsBoon",
        "BuildupCount": 30,
        "LimitBreakCount": 4,
        "EquipableCount": 3,
        "Ability1Level": 3,
        "Ability2Level": 3,
        "HpPlusCount": 40,
        "AttackPlusCount": 40
      },
      {
        "AbilityCrestId": "AKnightsDreamAxesBoon",
        "BuildupCount": 30,
        "LimitBreakCount": 4,
        "EquipableCount": 4,
        "Ability1Level": 3,
        "Ability2Level": 3,
        "HpPlusCount": 40,
        "AttackPlusCount": 40
      }
    ],
    "TalismanData": {
      "TalismanKeyId": 1905,
      "TalismanId": "Pecorine",
      "TalismanAbilityId1": 340000029,
      "TalismanAbilityId2": 340000056,
      "TalismanAbilityId3": 0,
      "AdditionalHp": 0,
      "AdditionalAttack": 0,
      "IsNew": true,
      "IsLock": true,
      "GetTime": "2022-01-08T20:49:41+00:00"
    },
    "EditSkill1CharaData": {
      "CharaId": "Empty",
      "EditSkillLevel": 0
    },
    "EditSkill2CharaData": {
      "CharaId": "Vixel",
      "EditSkillLevel": 4
    },
    "GameWeaponPassiveAbilityList": [],
    "DragonReliabilityLevel": 30
  }
]
