[
  {
    "Position": 1,
    "CharaData": {
      "CharaId": "HalloweenLaxi",
      "Exp": 1191950,
      "Level": 80,
      "AdditionalMaxLevel": 0,
      "Hp": 758,
      "Attack": 502,
      "ExAbilityLevel": 5,
      "ExAbility2Level": 5,
      "Ability1Level": 2,
      "Ability2Level": 2,
      "Ability3Level": 2,
      "IsNew": true,
      "Skill1Level": 3,
      "Skill2Level": 2,
      "BurstAttackLevel": 2,
      "Rarity": 5,
      "LimitBreakCount": 4,
      "HpPlusCount": 100,
      "AttackPlusCount": 100,
      "StatusPlusCount": 0,
      "ComboBuildupCount": 0,
      "IsUnlockEditSkill": true,
      "GetTime": "2021-11-03T09:29:48+00:00",
      "ManaCirclePieceIdList": [
        1,
        2,
        3,
        4,
        5,
        6,
        7,
        8,
        9,
        10,
        11,
        12,
        13,
        14,
        15,
        16,
        17,
        18,
        19,
        20,
        21,
        22,
        23,
        24,
        25,
        26,
        27,
        28,
        29,
        30,
        31,
        32,
        33,
        34,
        35,
        36,
        37,
        38,
        39,
        40,
        41,
        42,
        43,
        44,
        45,
        46,
        47,
        48,
        49,
        50
      ],
      "IsTemporary": false,
      "ListViewFlag": 1
    },
    "DragonData": {
      "DragonId": "GalaElysium",
      "DragonKeyId": 1406,
      "Level": 100,
      "Exp": 1240020,
      "IsLock": false,
      "IsNew": true,
      "Skill1Level": 2,
      "Ability1Level": 5,
      "Ability2Level": 5,
      "LimitBreakCount": 4,
      "HpPlusCount": 50,
      "AttackPlusCount": 50,
      "StatusPlusCount": 0,
      "GetTime": "2022-03-27T11:40:13+00:00"
    },
    "WeaponSkinData": {
      "WeaponSkinId": 0
    },
    "WeaponBodyData": {
      "WeaponBodyId": "GaeAssail",
      "BuildupCount": 90,
      "LimitBreakCount": 9,
      "LimitOverCount": 2,
      "SkillNo": 1,
      "SkillLevel": 2,
      "Ability1Level": 3,
      "Ability2Level": 3,
      "EquipableCount": 1,
      "AdditionalCrestSlotType1Count": 1,
      "AdditionalCrestSlotType2Count": 0,
      "AdditionalCrestSlotType3Count": 2,
      "AdditionalEffectCount": 0
    },
    "CrestSlotType1CrestList": [
      {
        "AbilityCrestId": "SpiritoftheSeason",
        "BuildupCount": 50,
        "LimitBreakCount": 4,
        "EquipableCount": 4,
        "Ability1Level": 3,
        "Ability2Level": 3,
        "HpPlusCount": 50,
        "AttackPlusCount": 50
      },
      {
        "AbilityCrestId": "MemoryofaFriend",
        "BuildupCount": 50,
        "LimitBreakCount": 4,
        "EquipableCount": 1,
        "Ability1Level": 3,
        "Ability2Level": 3,
        "HpPlusCount": 50,
        "AttackPlusCount": 50
      },
      {
        "AbilityCrestId": "ExtremeTeamwork",
        "BuildupCount": 50,
        "LimitBreakCount": 4,
        "EquipableCount": 4,
        "Ability1Level": 3,
        "Ability2Level": 3,
        "HpPlusCount": 50,
        "AttackPlusCount": 50
      }
    ],
    "CrestSlotType2CrestList": [
      {
        "AbilityCrestId": "EntertheBlueRose",
        "BuildupCount": 40,
        "LimitBreakCount": 4,
        "EquipableCount": 2,
        "Ability1Level": 3,
        "Ability2Level": 3,
        "HpPlusCount": 50,
        "AttackPlusCount": 50
      },
      {
        "AbilityCrestId": "ASmallCourage",
        "BuildupCount": 40,
        "LimitBreakCount": 4,
        "EquipableCount": 2,
        "Ability1Level": 3,
        "Ability2Level": 3,
        "HpPlusCount": 50,
        "AttackPlusCount": 50
      }
    ],
    "CrestSlotType3CrestList": [
      {
        "AbilityCrestId": "AnUnfreezingFlowerAxesBoon",
        "BuildupCount": 30,
        "LimitBreakCount": 4,
        "EquipableCount": 1,
        "Ability1Level": 3,
        "Ability2Level": 3,
        "HpPlusCount": 40,
        "AttackPlusCount": 40
      },
      {
        "AbilityCrestId": "TutelarysDestinyWolfsBoon",
        "BuildupCount": 30,
        "LimitBreakCount": 4,
        "EquipableCount": 4,
        "Ability1Level": 3,
        "Ability2Level": 3,
        "HpPlusCount": 40,
        "AttackPlusCount": 40
      }
    ],
    "TalismanData": {
      "TalismanKeyId": 2335,
      "TalismanId": "HalloweenLaxi",
      "TalismanAbilityId1": 340000050,
      "TalismanAbilityId2": 340000056,
      "TalismanAbilityId3": 0,
      "AdditionalHp": 0,
      "AdditionalAttack": 0,
      "IsNew": true,
      "IsLock": true,
      "GetTime": "2021-12-31T02:56:30+00:00"
    },
    "EditSkill1CharaData": {
      "CharaId": "Sharena",
      "EditSkillLevel": 3
    },
    "EditSkill2CharaData": {
      "CharaId": "Ilia",
      "EditSkillLevel": 3
    },
    "GameWeaponPassiveAbilityList": [
      {
        "WeaponPassiveAbilityId": 1090409
      }
    ],
    "DragonReliabilityLevel": 22
  },
  {
    "Position": 2,
    "CharaData": {
      "CharaId": "Albert",
      "Exp": 8866950,
      "Level": 100,
      "AdditionalMaxLevel": 20,
      "Hp": 908,
      "Attack": 602,
      "ExAbilityLevel": 5,
      "ExAbility2Level": 5,
      "Ability1Level": 3,
      "Ability2Level": 3,
      "Ability3Level": 3,
      "IsNew": true,
      "Skill1Level": 4,
      "Skill2Level": 3,
      "BurstAttackLevel": 2,
      "Rarity": 5,
      "LimitBreakCount": 5,
      "HpPlusCount": 100,
      "AttackPlusCount": 100,
      "StatusPlusCount": 0,
      "ComboBuildupCount": 1,
      "IsUnlockEditSkill": false,
      "GetTime": "2019-09-30T00:20:58+00:00",
      "ManaCirclePieceIdList": [
        1,
        2,
        3,
        4,
        5,
        6,
        7,
        8,
        9,
        10,
        11,
        12,
        13,
        14,
        15,
        16,
        17,
        18,
        19,
        20,
        21,
        22,
        23,
        24,
        25,
        26,
        27,
        28,
        29,
        30,
        31,
        32,
        33,
        34,
        35,
        36,
        37,
        38,
        39,
        40,
        41,
        42,
        43,
        44,
        45,
        46,
        47,
        48,
        49,
        50,
        51,
        52,
        53,
        54,
        55,
        56,
        57,
        58,
        59,
        60,
        61,
        62,
        63,
        64,
        65,
        66,
        67,
        68,
        69,
        70
      ],
      "IsTemporary": false,
      "ListViewFlag": 1
    },
    "DragonData": {
      "DragonId": "GalaChronosNyx",
      "DragonKeyId": 1400,
      "Level": 100,
      "Exp": 1240020,
      "IsLock": false,
      "IsNew": true,
      "Skill1Level": 2,
      "Ability1Level": 5,
      "Ability2Level": 5,
      "LimitBreakCount": 4,
      "HpPlusCount": 50,
      "AttackPlusCount": 50,
      "StatusPlusCount": 0,
      "GetTime": "2021-10-30T07:53:26+00:00"
    },
    "WeaponSkinData": {
      "WeaponSkinId": 0
    },
    "WeaponBodyData": {
      "WeaponBodyId": "Caladbolg",
      "BuildupCount": 80,
      "LimitBreakCount": 8,
      "LimitOverCount": 2,
      "SkillNo": 1,
      "SkillLevel": 2,
      "Ability1Level": 3,
      "Ability2Level": 3,
      "EquipableCount": 1,
      "AdditionalCrestSlotType1Count": 1,
      "AdditionalCrestSlotType2Count": 0,
      "AdditionalCrestSlotType3Count": 2,
      "AdditionalEffectCount": 0
    },
    "CrestSlotType1CrestList": [
      {
        "AbilityCrestId": "AdventureinthePast",
        "BuildupCount": 50,
        "LimitBreakCount": 4,
        "EquipableCount": 2,
        "Ability1Level": 3,
        "Ability2Level": 3,
        "HpPlusCount": 50,
        "AttackPlusCount": 50
      },
      {
        "AbilityCrestId": "ExtremeTeamwork",
        "BuildupCount": 50,
        "LimitBreakCount": 4,
        "EquipableCount": 4,
        "Ability1Level": 3,
        "Ability2Level": 3,
        "HpPlusCount": 50,
        "AttackPlusCount": 50
      },
      {
        "AbilityCrestId": "SeasidePrincess",
        "BuildupCount": 50,
        "LimitBreakCount": 4,
        "EquipableCount": 3,
        "Ability1Level": 3,
        "Ability2Level": 3,
        "HpPlusCount": 50,
        "AttackPlusCount": 50
      }
    ],
    "CrestSlotType2CrestList": [
      {
        "AbilityCrestId": "AGameofCatandBoar",
        "BuildupCount": 40,
        "LimitBreakCount": 4,
        "EquipableCount": 1,
        "Ability1Level": 3,
        "Ability2Level": 3,
        "HpPlusCount": 50,
        "AttackPlusCount": 50
      },
      {
        "AbilityCrestId": "SnipersAllure",
        "BuildupCount": 40,
        "LimitBreakCount": 4,
        "EquipableCount": 4,
        "Ability1Level": 3,
        "Ability2Level": 3,
        "HpPlusCount": 50,
        "AttackPlusCount": 50
      }
    ],
    "CrestSlotType3CrestList": [
      {
        "AbilityCrestId": "TestamentofEternityFishsBoon",
        "BuildupCount": 30,
        "LimitBreakCount": 4,
        "EquipableCount": 1,
        "Ability1Level": 3,
        "Ability2Level": 3,
        "HpPlusCount": 40,
        "AttackPlusCount": 40
      },
      {
        "AbilityCrestId": "TutelarysDestinyWolfsBoon",
        "BuildupCount": 30,
        "LimitBreakCount": 4,
        "EquipableCount": 4,
        "Ability1Level": 3,
        "Ability2Level": 3,
        "HpPlusCount": 40,
        "AttackPlusCount": 40
      }
    ],
    "TalismanData": {
      "TalismanKeyId": 2426,
      "TalismanId": "HalloweenLaxi",
      "TalismanAbilityId1": 340000009,
      "TalismanAbilityId2": 340000076,
      "TalismanAbilityId3": 0,
      "AdditionalHp": 0,
      "AdditionalAttack": 0,
      "IsNew": true,
      "IsLock": true,
      "GetTime": "2022-01-18T18:57:35+00:00"
    },
    "EditSkill1CharaData": {
      "CharaId": "Cleo",
      "EditSkillLevel": 4
    },
    "EditSkill2CharaData": {
      "CharaId": "Ranzal",
      "EditSkillLevel": 4
    },
    "GameWeaponPassiveAbilityList": [
      {
        "WeaponPassiveAbilityId": 1010405
      },
      {
        "WeaponPassiveAbilityId": 1010409
      }
    ],
    "DragonReliabilityLevel": 30
  },
  {
    "Position": 3,
    "CharaData": {
      "CharaId": "GalaZena",
      "Exp": 8866950,
      "Level": 100,
      "AdditionalMaxLevel": 20,
      "Hp": 923,
      "Attack": 586,
      "ExAbilityLevel": 5,
      "ExAbility2Level": 5,
      "Ability1Level": 3,
      "Ability2Level": 3,
      "Ability3Level": 3,
      "IsNew": true,
      "Skill1Level": 4,
      "Skill2Level": 3,
      "BurstAttackLevel": 2,
      "Rarity": 5,
      "LimitBreakCount": 5,
      "HpPlusCount": 100,
      "AttackPlusCount": 100,
      "StatusPlusCount": 0,
      "ComboBuildupCount": 1,
      "IsUnlockEditSkill": true,
      "GetTime": "2020-09-30T06:09:26+00:00",
      "ManaCirclePieceIdList": [
        1,
        2,
        3,
        4,
        5,
        6,
        7,
        8,
        9,
        10,
        11,
        12,
        13,
        14,
        15,
        16,
        17,
        18,
        19,
        20,
        21,
        22,
        23,
        24,
        25,
        26,
        27,
        28,
        29,
        30,
        31,
        32,
        33,
        34,
        35,
        36,
        37,
        38,
        39,
        40,
        41,
        42,
        43,
        44,
        45,
        46,
        47,
        48,
        49,
        50,
        51,
        52,
        53,
        54,
        55,
        56,
        57,
        58,
        59,
        60,
        61,
        62,
        63,
        64,
        65,
        66,
        67,
        68,
        69,
        70
      ],
      "IsTemporary": false,
      "ListViewFlag": 1
    },
    "DragonData": {
      "DragonId": "JeannedArc",
      "DragonKeyId": 1326,
      "Level": 120,
      "Exp": 3365620,
      "IsLock": true,
      "IsNew": true,
      "Skill1Level": 2,
      "Ability1Level": 6,
      "Ability2Level": 6,
      "LimitBreakCount": 5,
      "HpPlusCount": 50,
      "AttackPlusCount": 50,
      "StatusPlusCount": 0,
      "GetTime": "2019-10-13T08:40:10+00:00"
    },
    "WeaponSkinData": {
      "WeaponSkinId": 0
    },
    "WeaponBodyData": {
      "WeaponBodyId": "DelFrith",
      "BuildupCount": 80,
      "LimitBreakCount": 8,
      "LimitOverCount": 1,
      "SkillNo": 1,
      "SkillLevel": 2,
      "Ability1Level": 2,
      "Ability2Level": 2,
      "EquipableCount": 1,
      "AdditionalCrestSlotType1Count": 1,
      "AdditionalCrestSlotType2Count": 0,
      "AdditionalCrestSlotType3Count": 2,
      "AdditionalEffectCount": 0
    },
    "CrestSlotType1CrestList": [
      {
        "AbilityCrestId": "ExtremeTeamwork",
        "BuildupCount": 50,
        "LimitBreakCount": 4,
        "EquipableCount": 4,
        "Ability1Level": 3,
        "Ability2Level": 3,
        "HpPlusCount": 50,
        "AttackPlusCount": 50
      },
      {
        "AbilityCrestId": "JewelsoftheSun",
        "BuildupCount": 50,
        "LimitBreakCount": 4,
        "EquipableCount": 2,
        "Ability1Level": 3,
        "Ability2Level": 3,
        "HpPlusCount": 50,
        "AttackPlusCount": 50
      },
      {
        "AbilityCrestId": "SpiritoftheSeason",
        "BuildupCount": 50,
        "LimitBreakCount": 4,
        "EquipableCount": 4,
        "Ability1Level": 3,
        "Ability2Level": 3,
        "HpPlusCount": 50,
        "AttackPlusCount": 50
      }
    ],
    "CrestSlotType2CrestList": [
      {
        "AbilityCrestId": "FromWhenceHeComes",
        "BuildupCount": 40,
        "LimitBreakCount": 4,
        "EquipableCount": 2,
        "Ability1Level": 3,
        "Ability2Level": 3,
        "HpPlusCount": 50,
        "AttackPlusCount": 50
      },
      {
        "AbilityCrestId": "TheWarrioresses",
        "BuildupCount": 40,
        "LimitBreakCount": 4,
        "EquipableCount": 1,
        "Ability1Level": 3,
        "Ability2Level": 3,
        "HpPlusCount": 50,
        "AttackPlusCount": 50
      }
    ],
    "CrestSlotType3CrestList": [
      {
        "AbilityCrestId": "PromisedPietyStaffsBoon",
        "BuildupCount": 30,
        "LimitBreakCount": 4,
        "EquipableCount": 2,
        "Ability1Level": 3,
        "Ability2Level": 3,
        "HpPlusCount": 40,
        "AttackPlusCount": 40
      },
      {
        "AbilityCrestId": "AKingsPrideStaffsBoon",
        "BuildupCount": 30,
        "LimitBreakCount": 4,
        "EquipableCount": 2,
        "Ability1Level": 3,
        "Ability2Level": 3,
        "HpPlusCount": 40,
        "AttackPlusCount": 40
      }
    ],
    "TalismanData": {
      "TalismanKeyId": 2326,
      "TalismanId": "GalaLuca",
      "TalismanAbilityId1": 340000069,
      "TalismanAbilityId2": 340000108,
      "TalismanAbilityId3": 0,
      "AdditionalHp": 0,
      "AdditionalAttack": 0,
      "IsNew": true,
      "IsLock": true,
      "GetTime": "2021-12-30T10:10:51+00:00"
    },
    "EditSkill1CharaData": {
      "CharaId": "Mitsuhide",
      "EditSkillLevel": 3
    },
    "EditSkill2CharaData": {
      "CharaId": "HalloweenLaxi",
      "EditSkillLevel": 3
    },
    "GameWeaponPassiveAbilityList": [],
    "DragonReliabilityLevel": 30
  },
  {
    "Position": 4,
    "CharaData": {
      "CharaId": "BondforgedZethia",
      "Exp": 1191950,
      "Level": 80,
      "AdditionalMaxLevel": 0,
      "Hp": 751,
      "Attack": 510,
      "ExAbilityLevel": 5,
      "ExAbility2Level": 5,
      "Ability1Level": 2,
      "Ability2Level": 2,
      "Ability3Level": 2,
      "IsNew": true,
      "Skill1Level": 3,
      "Skill2Level": 2,
      "BurstAttackLevel": 2,
      "Rarity": 5,
      "LimitBreakCount": 4,
      "HpPlusCount": 100,
      "AttackPlusCount": 100,
      "StatusPlusCount": 0,
      "ComboBuildupCount": 0,
      "IsUnlockEditSkill": false,
      "GetTime": "2022-03-31T13:48:38+00:00",
      "ManaCirclePieceIdList": [
        1,
        2,
        3,
        4,
        5,
        6,
        7,
        8,
        9,
        10,
        11,
        12,
        13,
        14,
        15,
        16,
        17,
        18,
        19,
        20,
        21,
        22,
        23,
        24,
        25,
        26,
        27,
        28,
        29,
        30,
        31,
        32,
        33,
        34,
        35,
        36,
        37,
        38,
        39,
        40,
        41,
        42,
        43,
        44,
        45,
        46,
        47,
        48,
        49,
        50
      ],
      "IsTemporary": false,
      "ListViewFlag": 1
    },
    "DragonData": {
      "DragonId": "Cupid",
      "DragonKeyId": 1356,
      "Level": 120,
      "Exp": 3365620,
      "IsLock": true,
      "IsNew": true,
      "Skill1Level": 2,
      "Ability1Level": 6,
      "Ability2Level": 6,
      "LimitBreakCount": 5,
      "HpPlusCount": 50,
      "AttackPlusCount": 50,
      "StatusPlusCount": 0,
      "GetTime": "2020-02-05T07:37:18+00:00"
    },
    "WeaponSkinData": {
      "WeaponSkinId": 0
    },
    "WeaponBodyData": {
      "WeaponBodyId": "Brionac",
      "BuildupCount": 80,
      "LimitBreakCount": 8,
      "LimitOverCount": 1,
      "SkillNo": 1,
      "SkillLevel": 2,
      "Ability1Level": 2,
      "Ability2Level": 2,
      "EquipableCount": 1,
      "AdditionalCrestSlotType1Count": 1,
      "AdditionalCrestSlotType2Count": 0,
      "AdditionalCrestSlotType3Count": 2,
      "AdditionalEffectCount": 0
    },
    "CrestSlotType1CrestList": [
      {
        "AbilityCrestId": "ExtremeTeamwork",
        "BuildupCount": 50,
        "LimitBreakCount": 4,
        "EquipableCount": 4,
        "Ability1Level": 3,
        "Ability2Level": 3,
        "HpPlusCount": 50,
        "AttackPlusCount": 50
      },
      {
        "AbilityCrestId": "SpiritoftheSeason",
        "BuildupCount": 50,
        "LimitBreakCount": 4,
        "EquipableCount": 4,
        "Ability1Level": 3,
        "Ability2Level": 3,
        "HpPlusCount": 50,
        "AttackPlusCount": 50
      },
      {
        "AbilityCrestId": "BondsBetweenWorlds",
        "BuildupCount": 50,
        "LimitBreakCount": 4,
        "EquipableCount": 4,
        "Ability1Level": 3,
        "Ability2Level": 3,
        "HpPlusCount": 50,
        "AttackPlusCount": 50
      }
    ],
    "CrestSlotType2CrestList": [
      {
        "AbilityCrestId": "ChariotDrift",
        "BuildupCount": 40,
        "LimitBreakCount": 4,
        "EquipableCount": 4,
        "Ability1Level": 3,
        "Ability2Level": 3,
        "HpPlusCount": 50,
        "AttackPlusCount": 50
      },
      {
        "AbilityCrestId": "SnipersAllure",
        "BuildupCount": 40,
        "LimitBreakCount": 4,
        "EquipableCount": 4,
        "Ability1Level": 3,
        "Ability2Level": 3,
        "HpPlusCount": 50,
        "AttackPlusCount": 50
      }
    ],
    "CrestSlotType3CrestList": [
      {
        "AbilityCrestId": "AKnightsDreamAxesBoon",
        "BuildupCount": 30,
        "LimitBreakCount": 4,
        "EquipableCount": 4,
        "Ability1Level": 3,
        "Ability2Level": 3,
        "HpPlusCount": 40,
        "AttackPlusCount": 40
      },
      {
        "AbilityCrestId": "TutelarysDestinyWolfsBoon",
        "BuildupCount": 30,
        "LimitBreakCount": 4,
        "EquipableCount": 4,
        "Ability1Level": 3,
        "Ability2Level": 3,
        "HpPlusCount": 40,
        "AttackPlusCount": 40
      }
    ],
    "TalismanData": {
      "TalismanKeyId": 2365,
      "TalismanId": "Pecorine",
      "TalismanAbilityId1": 340000029,
      "TalismanAbilityId2": 340000056,
      "TalismanAbilityId3": 0,
      "AdditionalHp": 0,
      "AdditionalAttack": 0,
      "IsNew": true,
      "IsLock": true,
      "GetTime": "2022-01-08T20:49:41+00:00"
    },
    "EditSkill1CharaData": {
      "CharaId": "Cleo",
      "EditSkillLevel": 4
    },
    "EditSkill2CharaData": {
      "CharaId": "Ranzal",
      "EditSkillLevel": 4
    },
    "GameWeaponPassiveAbilityList": [],
    "DragonReliabilityLevel": 30
  },
  {
    "Position": 5,
    "CharaData": {
      "CharaId": "NurseAeleen",
      "Exp": 5934229,
      "Level": 95,
      "AdditionalMaxLevel": 20,
      "Hp": 899,
      "Attack": 517,
      "ExAbilityLevel": 5,
      "ExAbility2Level": 5,
      "Ability1Level": 3,
      "Ability2Level": 3,
      "Ability3Level": 2,
      "IsNew": true,
      "Skill1Level": 4,
      "Skill2Level": 2,
      "BurstAttackLevel": 2,
      "Rarity": 5,
      "LimitBreakCount": 5,
      "HpPlusCount": 100,
      "AttackPlusCount": 100,
      "StatusPlusCount": 0,
      "ComboBuildupCount": 0,
      "IsUnlockEditSkill": false,
      "GetTime": "2019-10-18T11:59:01+00:00",
      "ManaCirclePieceIdList": [
        1,
        2,
        3,
        4,
        5,
        6,
        7,
        8,
        9,
        10,
        11,
        12,
        13,
        14,
        15,
        16,
        17,
        18,
        19,
        20,
        21,
        22,
        23,
        24,
        25,
        26,
        27,
        28,
        29,
        30,
        31,
        32,
        33,
        34,
        35,
        36,
        37,
        38,
        39,
        40,
        41,
        42,
        43,
        44,
        45,
        46,
        47,
        48,
        49,
        50,
        51,
        52,
        53,
        54,
        55,
        56,
        57,
        58,
        59,
        60,
        61,
        62,
        63,
        64,
        65
      ],
      "IsTemporary": false,
      "ListViewFlag": 1
    },
    "DragonData": {
      "DragonId": "GaibhneCreidhne",
      "DragonKeyId": 1379,
      "Level": 100,
      "Exp": 1240020,
      "IsLock": true,
      "IsNew": true,
      "Skill1Level": 2,
      "Ability1Level": 5,
      "Ability2Level": 5,
      "LimitBreakCount": 4,
      "HpPlusCount": 50,
      "AttackPlusCount": 50,
      "StatusPlusCount": 0,
      "GetTime": "2020-10-05T06:08:53+00:00"
    },
    "WeaponSkinData": {
      "WeaponSkinId": 0
    },
    "WeaponBodyData": {
      "WeaponBodyId": "Kunado",
      "BuildupCount": 80,
      "LimitBreakCount": 8,
      "LimitOverCount": 1,
      "SkillNo": 1,
      "SkillLevel": 2,
      "Ability1Level": 2,
      "Ability2Level": 2,
      "EquipableCount": 1,
      "AdditionalCrestSlotType1Count": 1,
      "AdditionalCrestSlotType2Count": 0,
      "AdditionalCrestSlotType3Count": 2,
      "AdditionalEffectCount": 0
    },
    "CrestSlotType1CrestList": [
      {
        "AbilityCrestId": "WilyWarriorsFlashHeat",
        "BuildupCount": 50,
        "LimitBreakCount": 4,
        "EquipableCount": 1,
        "Ability1Level": 3,
        "Ability2Level": 3,
        "HpPlusCount": 50,
        "AttackPlusCount": 50
      },
      {
        "AbilityCrestId": "StudyRabbits",
        "BuildupCount": 50,
        "LimitBreakCount": 4,
        "EquipableCount": 2,
        "Ability1Level": 3,
        "Ability2Level": 3,
        "HpPlusCount": 50,
        "AttackPlusCount": 50
      },
      {
        "AbilityCrestId": "JewelsoftheSun",
        "BuildupCount": 50,
        "LimitBreakCount": 4,
        "EquipableCount": 2,
        "Ability1Level": 3,
        "Ability2Level": 3,
        "HpPlusCount": 50,
        "AttackPlusCount": 50
      }
    ],
    "CrestSlotType2CrestList": [
      {
        "AbilityCrestId": "FromWhenceHeComes",
        "BuildupCount": 40,
        "LimitBreakCount": 4,
        "EquipableCount": 2,
        "Ability1Level": 3,
        "Ability2Level": 3,
        "HpPlusCount": 50,
        "AttackPlusCount": 50
      },
      {
        "AbilityCrestId": "Bellathorna",
        "BuildupCount": 20,
        "LimitBreakCount": 4,
        "EquipableCount": 4,
        "Ability1Level": 3,
        "Ability2Level": 3,
        "HpPlusCount": 50,
        "AttackPlusCount": 50
      }
    ],
    "CrestSlotType3CrestList": [
      {
        "AbilityCrestId": "PromisedPietyStaffsBoon",
        "BuildupCount": 30,
        "LimitBreakCount": 4,
        "EquipableCount": 2,
        "Ability1Level": 3,
        "Ability2Level": 3,
        "HpPlusCount": 40,
        "AttackPlusCount": 40
      },
      {
        "AbilityCrestId": "AKingsPrideStaffsBoon",
        "BuildupCount": 30,
        "LimitBreakCount": 4,
        "EquipableCount": 2,
        "Ability1Level": 3,
        "Ability2Level": 3,
        "HpPlusCount": 40,
        "AttackPlusCount": 40
      }
    ],
    "TalismanData": {
      "TalismanKeyId": 2349,
      "TalismanId": "Lazry",
      "TalismanAbilityId1": 340000118,
      "TalismanAbilityId2": 340000107,
      "TalismanAbilityId3": 0,
      "AdditionalHp": 0,
      "AdditionalAttack": 0,
      "IsNew": true,
      "IsLock": true,
      "GetTime": "2022-01-02T18:57:44+00:00"
    },
    "EditSkill1CharaData": {
      "CharaId": "HalloweenLowen",
      "EditSkillLevel": 3
    },
    "EditSkill2CharaData": {
      "CharaId": "GalaZena",
      "EditSkillLevel": 4
    },
    "GameWeaponPassiveAbilityList": [],
    "DragonReliabilityLevel": 30
  },
  {
    "Position": 6,
    "CharaData": {
      "CharaId": "Catherine",
      "Exp": 8866950,
      "Level": 100,
      "AdditionalMaxLevel": 20,
      "Hp": 902,
      "Attack": 608,
      "ExAbilityLevel": 5,
      "ExAbility2Level": 5,
      "Ability1Level": 3,
      "Ability2Level": 3,
      "Ability3Level": 3,
      "IsNew": true,
      "Skill1Level": 4,
      "Skill2Level": 3,
      "BurstAttackLevel": 2,
      "Rarity": 5,
      "LimitBreakCount": 5,
      "HpPlusCount": 100,
      "AttackPlusCount": 100,
      "StatusPlusCount": 0,
      "ComboBuildupCount": 1,
      "IsUnlockEditSkill": false,
      "GetTime": "2021-11-02T09:57:41+00:00",
      "ManaCirclePieceIdList": [
        1,
        2,
        3,
        4,
        5,
        6,
        7,
        8,
        9,
        10,
        11,
        12,
        13,
        14,
        15,
        16,
        17,
        18,
        19,
        20,
        21,
        22,
        23,
        24,
        25,
        26,
        27,
        28,
        29,
        30,
        31,
        32,
        33,
        34,
        35,
        36,
        37,
        38,
        39,
        40,
        41,
        42,
        43,
        44,
        45,
        46,
        47,
        48,
        49,
        50,
        51,
        52,
        53,
        54,
        55,
        56,
        57,
        58,
        59,
        60,
        61,
        62,
        63,
        64,
        65,
        66,
        67,
        68,
        69,
        70
      ],
      "IsTemporary": false,
      "ListViewFlag": 1
    },
    "DragonData": {
      "DragonId": "GalaBeastCiella",
      "DragonKeyId": 1403,
      "Level": 100,
      "Exp": 1240020,
      "IsLock": true,
      "IsNew": true,
      "Skill1Level": 2,
      "Ability1Level": 5,
      "Ability2Level": 5,
      "LimitBreakCount": 4,
      "HpPlusCount": 50,
      "AttackPlusCount": 50,
      "StatusPlusCount": 0,
      "GetTime": "2022-01-03T12:27:36+00:00"
    },
    "WeaponSkinData": {
      "WeaponSkinId": 0
    },
    "WeaponBodyData": {
      "WeaponBodyId": "AmenoNuhoko",
      "BuildupCount": 80,
      "LimitBreakCount": 8,
      "LimitOverCount": 1,
      "SkillNo": 1,
      "SkillLevel": 2,
      "Ability1Level": 2,
      "Ability2Level": 2,
      "EquipableCount": 1,
      "AdditionalCrestSlotType1Count": 1,
      "AdditionalCrestSlotType2Count": 0,
      "AdditionalCrestSlotType3Count": 2,
      "AdditionalEffectCount": 0
    },
    "CrestSlotType1CrestList": [
      {
        "AbilityCrestId": "WingsofRebellionatRest",
        "BuildupCount": 50,
        "LimitBreakCount": 4,
        "EquipableCount": 2,
        "Ability1Level": 3,
        "Ability2Level": 3,
        "HpPlusCount": 50,
        "AttackPlusCount": 50
      },
      {
        "AbilityCrestId": "BondsBetweenWorlds",
        "BuildupCount": 50,
        "LimitBreakCount": 4,
        "EquipableCount": 4,
        "Ability1Level": 3,
        "Ability2Level": 3,
        "HpPlusCount": 50,
        "AttackPlusCount": 50
      },
      {
        "AbilityCrestId": "AWonderfulValentines",
        "BuildupCount": 50,
        "LimitBreakCount": 4,
        "EquipableCount": 1,
        "Ability1Level": 3,
        "Ability2Level": 3,
        "HpPlusCount": 50,
        "AttackPlusCount": 50
      }
    ],
    "CrestSlotType2CrestList": [
      {
        "AbilityCrestId": "SnipersAllure",
        "BuildupCount": 40,
        "LimitBreakCount": 4,
        "EquipableCount": 4,
        "Ability1Level": 3,
        "Ability2Level": 3,
        "HpPlusCount": 50,
        "AttackPlusCount": 50
      },
      {
        "AbilityCrestId": "SaintStarfallsCircus",
        "BuildupCount": 40,
        "LimitBreakCount": 4,
        "EquipableCount": 4,
        "Ability1Level": 3,
        "Ability2Level": 3,
        "HpPlusCount": 50,
        "AttackPlusCount": 50
      }
    ],
    "CrestSlotType3CrestList": [
      {
        "AbilityCrestId": "TutelarysDestinyWolfsBoon",
        "BuildupCount": 30,
        "LimitBreakCount": 4,
        "EquipableCount": 4,
        "Ability1Level": 3,
        "Ability2Level": 3,
        "HpPlusCount": 40,
        "AttackPlusCount": 40
      },
      {
        "AbilityCrestId": "TestamentofEternityFishsBoon",
        "BuildupCount": 30,
        "LimitBreakCount": 4,
        "EquipableCount": 1,
        "Ability1Level": 3,
        "Ability2Level": 3,
        "HpPlusCount": 40,
        "AttackPlusCount": 40
      }
    ],
    "TalismanData": {
      "TalismanKeyId": 2433,
      "TalismanId": "GalaEmile",
      "TalismanAbilityId1": 340000099,
      "TalismanAbilityId2": 340000128,
      "TalismanAbilityId3": 0,
      "AdditionalHp": 0,
      "AdditionalAttack": 0,
      "IsNew": true,
      "IsLock": true,
      "GetTime": "2022-01-31T13:12:18+00:00"
    },
    "EditSkill1CharaData": {
      "CharaId": "Cleo",
      "EditSkillLevel": 4
    },
    "EditSkill2CharaData": {
      "CharaId": "Ranzal",
      "EditSkillLevel": 4
    },
    "GameWeaponPassiveAbilityList": [],
    "DragonReliabilityLevel": 30
  },
  {
    "Position": 7,
    "CharaData": {
      "CharaId": "Origa",
      "Exp": 1191950,
      "Level": 80,
      "AdditionalMaxLevel": 0,
      "Hp": 750,
      "Attack": 511,
      "ExAbilityLevel": 5,
      "ExAbility2Level": 5,
      "Ability1Level": 2,
      "Ability2Level": 2,
      "Ability3Level": 2,
      "IsNew": false,
      "Skill1Level": 3,
      "Skill2Level": 2,
      "BurstAttackLevel": 2,
      "Rarity": 5,
      "LimitBreakCount": 4,
      "HpPlusCount": 100,
      "AttackPlusCount": 100,
      "StatusPlusCount": 0,
      "ComboBuildupCount": 0,
      "IsUnlockEditSkill": false,
      "GetTime": "2022-03-31T14:02:40+00:00",
      "ManaCirclePieceIdList": [
        1,
        2,
        3,
        4,
        5,
        6,
        7,
        8,
        9,
        10,
        11,
        12,
        13,
        14,
        15,
        16,
        17,
        18,
        19,
        20,
        21,
        22,
        23,
        24,
        25,
        26,
        27,
        28,
        29,
        30,
        31,
        32,
        33,
        34,
        35,
        36,
        37,
        38,
        39,
        40,
        41,
        42,
        43,
        44,
        45,
        46,
        47,
        48,
        49,
        50
      ],
      "IsTemporary": false,
      "ListViewFlag": 1
    },
    "DragonData": {
      "DragonId": "Leviathan",
      "DragonKeyId": 1293,
      "Level": 120,
      "Exp": 3365620,
      "IsLock": true,
      "IsNew": true,
      "Skill1Level": 2,
      "Ability1Level": 6,
      "Ability2Level": 6,
      "LimitBreakCount": 5,
      "HpPlusCount": 50,
      "AttackPlusCount": 50,
      "StatusPlusCount": 0,
      "GetTime": "2019-05-06T14:22:40+00:00"
    },
    "WeaponSkinData": {
      "WeaponSkinId": 0
    },
    "WeaponBodyData": {
      "WeaponBodyId": "Omizununo",
      "BuildupCount": 80,
      "LimitBreakCount": 8,
      "LimitOverCount": 1,
      "SkillNo": 1,
      "SkillLevel": 2,
      "Ability1Level": 2,
      "Ability2Level": 2,
      "EquipableCount": 1,
      "AdditionalCrestSlotType1Count": 1,
      "AdditionalCrestSlotType2Count": 0,
      "AdditionalCrestSlotType3Count": 2,
      "AdditionalEffectCount": 0
    },
    "CrestSlotType1CrestList": [
      {
        "AbilityCrestId": "BloodyLittleQueen",
        "BuildupCount": 50,
        "LimitBreakCount": 4,
        "EquipableCount": 1,
        "Ability1Level": 3,
        "Ability2Level": 3,
        "HpPlusCount": 50,
        "AttackPlusCount": 50
      },
      {
        "AbilityCrestId": "BondsBetweenWorlds",
        "BuildupCount": 50,
        "LimitBreakCount": 4,
        "EquipableCount": 4,
        "Ability1Level": 3,
        "Ability2Level": 3,
        "HpPlusCount": 50,
        "AttackPlusCount": 50
      },
      {
        "AbilityCrestId": "CrystalianEnvoy",
        "BuildupCount": 50,
        "LimitBreakCount": 4,
        "EquipableCount": 1,
        "Ability1Level": 3,
        "Ability2Level": 3,
        "HpPlusCount": 50,
        "AttackPlusCount": 50
      }
    ],
    "CrestSlotType2CrestList": [
      {
        "AbilityCrestId": "SnipersAllure",
        "BuildupCount": 40,
        "LimitBreakCount": 4,
        "EquipableCount": 4,
        "Ability1Level": 3,
        "Ability2Level": 3,
        "HpPlusCount": 50,
        "AttackPlusCount": 50
      },
      {
        "AbilityCrestId": "HisCleverBrother",
        "BuildupCount": 40,
        "LimitBreakCount": 4,
        "EquipableCount": 4,
        "Ability1Level": 3,
        "Ability2Level": 3,
        "HpPlusCount": 50,
        "AttackPlusCount": 50
      }
    ],
    "CrestSlotType3CrestList": [
      {
        "AbilityCrestId": "TutelarysDestinyWolfsBoon",
        "BuildupCount": 30,
        "LimitBreakCount": 4,
        "EquipableCount": 4,
        "Ability1Level": 3,
        "Ability2Level": 3,
        "HpPlusCount": 40,
        "AttackPlusCount": 40
      },
      {
        "AbilityCrestId": "AKnightsDreamAxesBoon",
        "BuildupCount": 30,
        "LimitBreakCount": 4,
        "EquipableCount": 4,
        "Ability1Level": 3,
        "Ability2Level": 3,
        "HpPlusCount": 40,
        "AttackPlusCount": 40
      }
    ],
    "TalismanData": {
      "TalismanKeyId": 2368,
      "TalismanId": "Pinon",
      "TalismanAbilityId1": 340000119,
      "TalismanAbilityId2": 340000089,
      "TalismanAbilityId3": 0,
      "AdditionalHp": 0,
      "AdditionalAttack": 0,
      "IsNew": true,
      "IsLock": true,
      "GetTime": "2022-01-09T01:01:54+00:00"
    },
    "EditSkill1CharaData": {
      "CharaId": "Cleo",
      "EditSkillLevel": 4
    },
    "EditSkill2CharaData": {
      "CharaId": "Ranzal",
      "EditSkillLevel": 4
    },
    "GameWeaponPassiveAbilityList": [],
    "DragonReliabilityLevel": 30
  },
  {
    "Position": 8,
    "CharaData": {
      "CharaId": "GalaMascula",
      "Exp": 1191950,
      "Level": 80,
      "AdditionalMaxLevel": 0,
      "Hp": 743,
      "Attack": 518,
      "ExAbilityLevel": 5,
      "ExAbility2Level": 5,
      "Ability1Level": 2,
      "Ability2Level": 2,
      "Ability3Level": 2,
      "IsNew": true,
      "Skill1Level": 3,
      "Skill2Level": 2,
      "BurstAttackLevel": 2,
      "Rarity": 5,
      "LimitBreakCount": 4,
      "HpPlusCount": 100,
      "AttackPlusCount": 100,
      "StatusPlusCount": 0,
      "ComboBuildupCount": 0,
      "IsUnlockEditSkill": true,
      "GetTime": "2021-09-28T06:53:24+00:00",
      "ManaCirclePieceIdList": [
        1,
        2,
        3,
        4,
        5,
        6,
        7,
        8,
        9,
        10,
        11,
        12,
        13,
        14,
        15,
        16,
        17,
        18,
        19,
        20,
        21,
        22,
        23,
        24,
        25,
        26,
        27,
        28,
        29,
        30,
        31,
        32,
        33,
        34,
        35,
        36,
        37,
        38,
        39,
        40,
        41,
        42,
        43,
        44,
        45,
        46,
        47,
        48,
        49,
        50
      ],
      "IsTemporary": false,
      "ListViewFlag": 1
    },
    "DragonData": {
      "DragonId": "GalaRebornPoseidon",
      "DragonKeyId": 1381,
      "Level": 100,
      "Exp": 1240020,
      "IsLock": true,
      "IsNew": true,
      "Skill1Level": 2,
      "Ability1Level": 5,
      "Ability2Level": 5,
      "LimitBreakCount": 4,
      "HpPlusCount": 50,
      "AttackPlusCount": 50,
      "StatusPlusCount": 0,
      "GetTime": "2020-10-31T06:00:35+00:00"
    },
    "WeaponSkinData": {
      "WeaponSkinId": 0
    },
    "WeaponBodyData": {
      "WeaponBodyId": "AmenoHabakiri",
      "BuildupCount": 80,
      "LimitBreakCount": 8,
      "LimitOverCount": 1,
      "SkillNo": 1,
      "SkillLevel": 2,
      "Ability1Level": 2,
      "Ability2Level": 2,
      "EquipableCount": 2,
      "AdditionalCrestSlotType1Count": 1,
      "AdditionalCrestSlotType2Count": 0,
      "AdditionalCrestSlotType3Count": 2,
      "AdditionalEffectCount": 0
    },
    "CrestSlotType1CrestList": [
      {
        "AbilityCrestId": "WingsofRebellionatRest",
        "BuildupCount": 50,
        "LimitBreakCount": 4,
        "EquipableCount": 2,
        "Ability1Level": 3,
        "Ability2Level": 3,
        "HpPlusCount": 50,
        "AttackPlusCount": 50
      },
      {
        "AbilityCrestId": "ThirdAnniversary",
        "BuildupCount": 50,
        "LimitBreakCount": 4,
        "EquipableCount": 4,
        "Ability1Level": 3,
        "Ability2Level": 3,
        "HpPlusCount": 50,
        "AttackPlusCount": 50
      },
      {
        "AbilityCrestId": "CastleCheerCorps",
        "BuildupCount": 50,
        "LimitBreakCount": 4,
        "EquipableCount": 2,
        "Ability1Level": 3,
        "Ability2Level": 3,
        "HpPlusCount": 50,
        "AttackPlusCount": 50
      }
    ],
    "CrestSlotType2CrestList": [
      {
        "AbilityCrestId": "ASmallCourage",
        "BuildupCount": 40,
        "LimitBreakCount": 4,
        "EquipableCount": 2,
        "Ability1Level": 3,
        "Ability2Level": 3,
        "HpPlusCount": 50,
        "AttackPlusCount": 50
      },
      {
        "AbilityCrestId": "BFFs",
        "BuildupCount": 40,
        "LimitBreakCount": 4,
        "EquipableCount": 1,
        "Ability1Level": 3,
        "Ability2Level": 3,
        "HpPlusCount": 50,
        "AttackPlusCount": 50
      }
    ],
    "CrestSlotType3CrestList": [
      {
        "AbilityCrestId": "AKnightsDreamAxesBoon",
        "BuildupCount": 30,
        "LimitBreakCount": 4,
        "EquipableCount": 4,
        "Ability1Level": 3,
        "Ability2Level": 3,
        "HpPlusCount": 40,
        "AttackPlusCount": 40
      },
      {
        "AbilityCrestId": "PromisedPietyStaffsBoon",
        "BuildupCount": 30,
        "LimitBreakCount": 4,
        "EquipableCount": 2,
        "Ability1Level": 3,
        "Ability2Level": 3,
        "HpPlusCount": 40,
        "AttackPlusCount": 40
      }
    ],
    "TalismanData": {
      "TalismanKeyId": 2336,
      "TalismanId": "Valerio",
      "TalismanAbilityId1": 340000008,
      "TalismanAbilityId2": 340000036,
      "TalismanAbilityId3": 0,
      "AdditionalHp": 0,
      "AdditionalAttack": 0,
      "IsNew": true,
      "IsLock": true,
      "GetTime": "2022-01-01T03:52:09+00:00"
    },
    "EditSkill1CharaData": {
      "CharaId": "Cleo",
      "EditSkillLevel": 4
    },
    "EditSkill2CharaData": {
      "CharaId": "Ranzal",
      "EditSkillLevel": 4
    },
    "GameWeaponPassiveAbilityList": [
      {
        "WeaponPassiveAbilityId": 1020211
      }
    ],
    "DragonReliabilityLevel": 30
  }
]
