[
  {
    "Level": 100,
    "CharacterId": 10850402,
    "Hp": 923,
    "Attack": 586,
    "Defence": 0,
    "ExAbilityLv": 5,
    "ExAbility2Lv": 5,
    "Ability1Lv": 3,
    "Ability2Lv": 3,
    "Ability3Lv": 3,
    "Skill1Lv": 4,
    "Skill2Lv": 3,
    "BurstAttackLv": 2,
    "HpPlusCount": 100,
    "AttackPlusCount": 100,
    "ComboBuildupCount": 1,
    "DragonId": 20050401,
    "DragonLevel": 120,
    "DragonAbility1Lv": 6,
    "DragonAbility2Lv": 6,
    "DragonSkill1Lv": 2,
    "DragonSkill2Lv": 0,
    "DragonHpPlusCount": 50,
    "DragonAttackPlusCount": 50,
    "WeaponBodyId": 30860401,
    "WeaponBodyBuildupCount": 80,
    "WeaponBodySkillNo": 1,
    "WeaponBodySkillLv": 2,
    "WeaponBodyAbility1Lv": 2,
    "WeaponBodyAbility2Lv": 2,
    "WeaponPassiveAbilityIds": [],
    "WeaponSkinId": 0,
    "AbilityCrestId": 40050130,
    "AbilityCrestBuildupCount": 50,
    "AbilityCrestAbility1Lv": 3,
    "AbilityCrestAbility2Lv": 3,
    "AbilityCrestHpPlusCount": 50,
    "AbilityCrestAttackPlusCount": 50,
    "AbilityCrest2Id": 40050090,
    "AbilityCrest2BuildupCount": 50,
    "AbilityCrest2Ability1Lv": 3,
    "AbilityCrest2Ability2Lv": 3,
    "AbilityCrest2HpPlusCount": 50,
    "AbilityCrest2AttackPlusCount": 50,
    "AbilityCrest3Id": 40050084,
    "AbilityCrest3BuildupCount": 50,
    "AbilityCrest3Ability1Lv": 3,
    "AbilityCrest3Ability2Lv": 3,
    "AbilityCrest3HpPlusCount": 50,
    "AbilityCrest3AttackPlusCount": 50,
    "AbilityCrest4Id": 40040062,
    "AbilityCrest4BuildupCount": 40,
    "AbilityCrest4Ability1Lv": 3,
    "AbilityCrest4Ability2Lv": 3,
    "AbilityCrest4HpPlusCount": 50,
    "AbilityCrest4AttackPlusCount": 50,
    "AbilityCrest5Id": 40040028,
    "AbilityCrest5BuildupCount": 40,
    "AbilityCrest5Ability1Lv": 3,
    "AbilityCrest5Ability2Lv": 3,
    "AbilityCrest5HpPlusCount": 50,
    "AbilityCrest5AttackPlusCount": 50,
    "PlusHp": 0,
    "PlusAtk": 0,
    "PlusDef": 0,
    "RelativeHp": 0.0,
    "RelativeAtk": 0.0,
    "RelativeDef": 0.0,
    "DragonRelativeDmg": 0.5,
    "DragonTime": 0.0,
    "Position": 1,
    "AiType": 0,
    "IsEnemyTarget": true,
    "IsFriend": false,
    "DragonReliabilityLevel": 30,
    "DragonRelativeHp": 0.0,
    "DragonRelativeAtk": 0.0,
    "DragonRelativeDef": 0.0,
    "BattleGroup": 0,
    "EventPassiveGrowList": [],
    "EventBoostDmg": 0.0,
    "EditSkillcharacterId1": 10540402,
    "EditSkillcharacterId2": 10550101,
    "EditSkillLv1": 2,
    "EditSkillLv2": 4,
    "AbilityCrest6Id": 40090001,
    "AbilityCrest6BuildupCount": 30,
    "AbilityCrest6Ability1Lv": 3,
    "AbilityCrest6Ability2Lv": 3,
    "AbilityCrest6HpPlusCount": 40,
    "AbilityCrest6AttackPlusCount": 40,
    "AbilityCrest7Id": 40090007,
    "AbilityCrest7BuildupCount": 30,
    "AbilityCrest7Ability1Lv": 3,
    "AbilityCrest7Ability2Lv": 3,
    "AbilityCrest7HpPlusCount": 40,
    "AbilityCrest7AttackPlusCount": 40,
    "OriginalPosition": 0,
    "RelativeHpFort": 1.4250001,
    "RelativeAtkFort": 1.39,
    "RelativeDefFort": 0.0,
    "RelativeHpAlbum": 0.145,
    "RelativeAtkAlbum": 0.145,
    "RelativeDefAlbum": 0.0,
    "DragonRelativeHpFort": 0.1,
    "DragonRelativeAtkFort": 0.105,
    "DragonRelativeDefFort": 0.0,
    "DragonRelativeHpAlbum": 0.06,
    "DragonRelativeAtkAlbum": 0.051999997,
    "DragonRelativeDefAlbum": 0.0,
    "TalismanId": 50250402,
    "TalismanAbilityId1": 340000069,
    "TalismanAbilityId2": 340000108,
    "TalismanAbilityId3": 0,
    "TalismanAdditionalHp": 0,
    "TalismanAdditionalAttack": 0
  },
  {
    "Level": 80,
    "CharacterId": 10350402,
    "Hp": 763,
    "Attack": 497,
    "Defence": 0,
    "ExAbilityLv": 5,
    "ExAbility2Lv": 5,
    "Ability1Lv": 2,
    "Ability2Lv": 2,
    "Ability3Lv": 2,
    "Skill1Lv": 3,
    "Skill2Lv": 2,
    "BurstAttackLv": 2,
    "HpPlusCount": 100,
    "AttackPlusCount": 100,
    "ComboBuildupCount": 0,
    "DragonId": 20050414,
    "DragonLevel": 100,
    "DragonAbility1Lv": 5,
    "DragonAbility2Lv": 5,
    "DragonSkill1Lv": 2,
    "DragonSkill2Lv": 0,
    "DragonHpPlusCount": 50,
    "DragonAttackPlusCount": 50,
    "WeaponBodyId": 30360401,
    "WeaponBodyBuildupCount": 80,
    "WeaponBodySkillNo": 1,
    "WeaponBodySkillLv": 2,
    "WeaponBodyAbility1Lv": 2,
    "WeaponBodyAbility2Lv": 2,
    "WeaponPassiveAbilityIds": [
      1030405
    ],
    "WeaponSkinId": 0,
    "AbilityCrestId": 40050130,
    "AbilityCrestBuildupCount": 50,
    "AbilityCrestAbility1Lv": 3,
    "AbilityCrestAbility2Lv": 3,
    "AbilityCrestHpPlusCount": 50,
    "AbilityCrestAttackPlusCount": 50,
    "AbilityCrest2Id": 40050111,
    "AbilityCrest2BuildupCount": 50,
    "AbilityCrest2Ability1Lv": 3,
    "AbilityCrest2Ability2Lv": 3,
    "AbilityCrest2HpPlusCount": 50,
    "AbilityCrest2AttackPlusCount": 50,
    "AbilityCrest3Id": 40050084,
    "AbilityCrest3BuildupCount": 50,
    "AbilityCrest3Ability1Lv": 3,
    "AbilityCrest3Ability2Lv": 3,
    "AbilityCrest3HpPlusCount": 50,
    "AbilityCrest3AttackPlusCount": 50,
    "AbilityCrest4Id": 40040003,
    "AbilityCrest4BuildupCount": 40,
    "AbilityCrest4Ability1Lv": 3,
    "AbilityCrest4Ability2Lv": 3,
    "AbilityCrest4HpPlusCount": 50,
    "AbilityCrest4AttackPlusCount": 50,
    "AbilityCrest5Id": 40040083,
    "AbilityCrest5BuildupCount": 40,
    "AbilityCrest5Ability1Lv": 3,
    "AbilityCrest5Ability2Lv": 3,
    "AbilityCrest5HpPlusCount": 50,
    "AbilityCrest5AttackPlusCount": 50,
    "PlusHp": 0,
    "PlusAtk": 0,
    "PlusDef": 0,
    "RelativeHp": 0.0,
    "RelativeAtk": 0.0,
    "RelativeDef": 0.0,
    "DragonRelativeDmg": 0.5,
    "DragonTime": 0.0,
    "Position": 2,
    "AiType": 0,
    "IsEnemyTarget": true,
    "IsFriend": false,
    "DragonReliabilityLevel": 30,
    "DragonRelativeHp": 0.0,
    "DragonRelativeAtk": 0.0,
    "DragonRelativeDef": 0.0,
    "BattleGroup": 0,
    "EventPassiveGrowList": [],
    "EventBoostDmg": 0.0,
    "EditSkillcharacterId1": 0,
    "EditSkillcharacterId2": 0,
    "EditSkillLv1": 0,
    "EditSkillLv2": 0,
    "AbilityCrest6Id": 40090007,
    "AbilityCrest6BuildupCount": 30,
    "AbilityCrest6Ability1Lv": 3,
    "AbilityCrest6Ability2Lv": 3,
    "AbilityCrest6HpPlusCount": 40,
    "AbilityCrest6AttackPlusCount": 40,
    "AbilityCrest7Id": 40090001,
    "AbilityCrest7BuildupCount": 30,
    "AbilityCrest7Ability1Lv": 3,
    "AbilityCrest7Ability2Lv": 3,
    "AbilityCrest7HpPlusCount": 40,
    "AbilityCrest7AttackPlusCount": 40,
    "OriginalPosition": 0,
    "RelativeHpFort": 1.44,
    "RelativeAtkFort": 1.405,
    "RelativeDefFort": 0.0,
    "RelativeHpAlbum": 0.145,
    "RelativeAtkAlbum": 0.145,
    "RelativeDefAlbum": 0.0,
    "DragonRelativeHpFort": 0.1,
    "DragonRelativeAtkFort": 0.105,
    "DragonRelativeDefFort": 0.0,
    "DragonRelativeHpAlbum": 0.06,
    "DragonRelativeAtkAlbum": 0.051999997,
    "DragonRelativeDefAlbum": 0.0,
    "TalismanId": 50950403,
    "TalismanAbilityId1": 340000009,
    "TalismanAbilityId2": 340000076,
    "TalismanAbilityId3": 0,
    "TalismanAdditionalHp": 0,
    "TalismanAdditionalAttack": 0
  },
  {
    "Level": 80,
    "CharacterId": 10750405,
    "Hp": 751,
    "Attack": 510,
    "Defence": 0,
    "ExAbilityLv": 5,
    "ExAbility2Lv": 5,
    "Ability1Lv": 2,
    "Ability2Lv": 2,
    "Ability3Lv": 2,
    "Skill1Lv": 3,
    "Skill2Lv": 2,
    "BurstAttackLv": 2,
    "HpPlusCount": 100,
    "AttackPlusCount": 100,
    "ComboBuildupCount": 0,
    "DragonId": 20050412,
    "DragonLevel": 100,
    "DragonAbility1Lv": 5,
    "DragonAbility2Lv": 5,
    "DragonSkill1Lv": 2,
    "DragonSkill2Lv": 0,
    "DragonHpPlusCount": 50,
    "DragonAttackPlusCount": 50,
    "WeaponBodyId": 30760401,
    "WeaponBodyBuildupCount": 80,
    "WeaponBodySkillNo": 1,
    "WeaponBodySkillLv": 2,
    "WeaponBodyAbility1Lv": 2,
    "WeaponBodyAbility2Lv": 2,
    "WeaponPassiveAbilityIds": [],
    "WeaponSkinId": 0,
    "AbilityCrestId": 40050130,
    "AbilityCrestBuildupCount": 50,
    "AbilityCrestAbility1Lv": 3,
    "AbilityCrestAbility2Lv": 3,
    "AbilityCrestHpPlusCount": 50,
    "AbilityCrestAttackPlusCount": 50,
    "AbilityCrest2Id": 40050084,
    "AbilityCrest2BuildupCount": 50,
    "AbilityCrest2Ability1Lv": 3,
    "AbilityCrest2Ability2Lv": 3,
    "AbilityCrest2HpPlusCount": 50,
    "AbilityCrest2AttackPlusCount": 50,
    "AbilityCrest3Id": 40050133,
    "AbilityCrest3BuildupCount": 50,
    "AbilityCrest3Ability1Lv": 3,
    "AbilityCrest3Ability2Lv": 3,
    "AbilityCrest3HpPlusCount": 50,
    "AbilityCrest3AttackPlusCount": 50,
    "AbilityCrest4Id": 40040063,
    "AbilityCrest4BuildupCount": 40,
    "AbilityCrest4Ability1Lv": 3,
    "AbilityCrest4Ability2Lv": 3,
    "AbilityCrest4HpPlusCount": 50,
    "AbilityCrest4AttackPlusCount": 50,
    "AbilityCrest5Id": 40040003,
    "AbilityCrest5BuildupCount": 40,
    "AbilityCrest5Ability1Lv": 3,
    "AbilityCrest5Ability2Lv": 3,
    "AbilityCrest5HpPlusCount": 50,
    "AbilityCrest5AttackPlusCount": 50,
    "PlusHp": 0,
    "PlusAtk": 0,
    "PlusDef": 0,
    "RelativeHp": 0.0,
    "RelativeAtk": 0.0,
    "RelativeDef": 0.0,
    "DragonRelativeDmg": 0.5,
    "DragonTime": 0.0,
    "Position": 3,
    "AiType": 0,
    "IsEnemyTarget": true,
    "IsFriend": false,
    "DragonReliabilityLevel": 30,
    "DragonRelativeHp": 0.0,
    "DragonRelativeAtk": 0.0,
    "DragonRelativeDef": 0.0,
    "BattleGroup": 0,
    "EventPassiveGrowList": [],
    "EventBoostDmg": 0.0,
    "EditSkillcharacterId1": 0,
    "EditSkillcharacterId2": 0,
    "EditSkillLv1": 0,
    "EditSkillLv2": 0,
    "AbilityCrest6Id": 40090007,
    "AbilityCrest6BuildupCount": 30,
    "AbilityCrest6Ability1Lv": 3,
    "AbilityCrest6Ability2Lv": 3,
    "AbilityCrest6HpPlusCount": 40,
    "AbilityCrest6AttackPlusCount": 40,
    "AbilityCrest7Id": 40090002,
    "AbilityCrest7BuildupCount": 30,
    "AbilityCrest7Ability1Lv": 3,
    "AbilityCrest7Ability2Lv": 3,
    "AbilityCrest7HpPlusCount": 40,
    "AbilityCrest7AttackPlusCount": 40,
    "OriginalPosition": 0,
    "RelativeHpFort": 1.373,
    "RelativeAtkFort": 1.348,
    "RelativeDefFort": 0.0,
    "RelativeHpAlbum": 0.145,
    "RelativeAtkAlbum": 0.145,
    "RelativeDefAlbum": 0.0,
    "DragonRelativeHpFort": 0.1,
    "DragonRelativeAtkFort": 0.105,
    "DragonRelativeDefFort": 0.0,
    "DragonRelativeHpAlbum": 0.06,
    "DragonRelativeAtkAlbum": 0.051999997,
    "DragonRelativeDefAlbum": 0.0,
    "TalismanId": 50150404,
    "TalismanAbilityId1": 340000008,
    "TalismanAbilityId2": 340000058,
    "TalismanAbilityId3": 0,
    "TalismanAdditionalHp": 0,
    "TalismanAdditionalAttack": 0
  },
  {
    "Level": 90,
    "CharacterId": 10250402,
    "Hp": 825,
    "Attack": 573,
    "Defence": 0,
    "ExAbilityLv": 5,
    "ExAbility2Lv": 5,
    "Ability1Lv": 3,
    "Ability2Lv": 3,
    "Ability3Lv": 3,
    "Skill1Lv": 3,
    "Skill2Lv": 3,
    "BurstAttackLv": 2,
    "HpPlusCount": 100,
    "AttackPlusCount": 100,
    "ComboBuildupCount": 0,
    "DragonId": 20050418,
    "DragonLevel": 100,
    "DragonAbility1Lv": 5,
    "DragonAbility2Lv": 5,
    "DragonSkill1Lv": 2,
    "DragonSkill2Lv": 0,
    "DragonHpPlusCount": 50,
    "DragonAttackPlusCount": 50,
    "WeaponBodyId": 30260401,
    "WeaponBodyBuildupCount": 80,
    "WeaponBodySkillNo": 1,
    "WeaponBodySkillLv": 2,
    "WeaponBodyAbility1Lv": 2,
    "WeaponBodyAbility2Lv": 2,
    "WeaponPassiveAbilityIds": [],
    "WeaponSkinId": 0,
    "AbilityCrestId": 40050122,
    "AbilityCrestBuildupCount": 50,
    "AbilityCrestAbility1Lv": 3,
    "AbilityCrestAbility2Lv": 3,
    "AbilityCrestHpPlusCount": 50,
    "AbilityCrestAttackPlusCount": 50,
    "AbilityCrest2Id": 40050075,
    "AbilityCrest2BuildupCount": 50,
    "AbilityCrest2Ability1Lv": 3,
    "AbilityCrest2Ability2Lv": 3,
    "AbilityCrest2HpPlusCount": 50,
    "AbilityCrest2AttackPlusCount": 50,
    "AbilityCrest3Id": 40050084,
    "AbilityCrest3BuildupCount": 50,
    "AbilityCrest3Ability1Lv": 3,
    "AbilityCrest3Ability2Lv": 3,
    "AbilityCrest3HpPlusCount": 50,
    "AbilityCrest3AttackPlusCount": 50,
    "AbilityCrest4Id": 40040063,
    "AbilityCrest4BuildupCount": 40,
    "AbilityCrest4Ability1Lv": 3,
    "AbilityCrest4Ability2Lv": 3,
    "AbilityCrest4HpPlusCount": 50,
    "AbilityCrest4AttackPlusCount": 50,
    "AbilityCrest5Id": 40040104,
    "AbilityCrest5BuildupCount": 40,
    "AbilityCrest5Ability1Lv": 3,
    "AbilityCrest5Ability2Lv": 3,
    "AbilityCrest5HpPlusCount": 50,
    "AbilityCrest5AttackPlusCount": 50,
    "PlusHp": 0,
    "PlusAtk": 0,
    "PlusDef": 0,
    "RelativeHp": 0.0,
    "RelativeAtk": 0.0,
    "RelativeDef": 0.0,
    "DragonRelativeDmg": 0.5,
    "DragonTime": 0.0,
    "Position": 4,
    "AiType": 0,
    "IsEnemyTarget": true,
    "IsFriend": false,
    "DragonReliabilityLevel": 30,
    "DragonRelativeHp": 0.0,
    "DragonRelativeAtk": 0.0,
    "DragonRelativeDef": 0.0,
    "BattleGroup": 0,
    "EventPassiveGrowList": [],
    "EventBoostDmg": 0.0,
    "EditSkillcharacterId1": 0,
    "EditSkillcharacterId2": 0,
    "EditSkillLv1": 0,
    "EditSkillLv2": 0,
    "AbilityCrest6Id": 40090001,
    "AbilityCrest6BuildupCount": 30,
    "AbilityCrest6Ability1Lv": 3,
    "AbilityCrest6Ability2Lv": 3,
    "AbilityCrest6HpPlusCount": 40,
    "AbilityCrest6AttackPlusCount": 40,
    "AbilityCrest7Id": 40090007,
    "AbilityCrest7BuildupCount": 30,
    "AbilityCrest7Ability1Lv": 3,
    "AbilityCrest7Ability2Lv": 3,
    "AbilityCrest7HpPlusCount": 40,
    "AbilityCrest7AttackPlusCount": 40,
    "OriginalPosition": 0,
    "RelativeHpFort": 1.4430001,
    "RelativeAtkFort": 1.418,
    "RelativeDefFort": 0.0,
    "RelativeHpAlbum": 0.145,
    "RelativeAtkAlbum": 0.145,
    "RelativeDefAlbum": 0.0,
    "DragonRelativeHpFort": 0.1,
    "DragonRelativeAtkFort": 0.105,
    "DragonRelativeDefFort": 0.0,
    "DragonRelativeHpAlbum": 0.06,
    "DragonRelativeAtkAlbum": 0.051999997,
    "DragonRelativeDefAlbum": 0.0,
    "TalismanId": 50150404,
    "TalismanAbilityId1": 340000029,
    "TalismanAbilityId2": 340000056,
    "TalismanAbilityId3": 0,
    "TalismanAdditionalHp": 0,
    "TalismanAdditionalAttack": 0
  }
]
